f = 0.03, isotropic, u = 0.003: start from mirror of thomson f=0.03 u=0.003
  iter 0: step 2.000 sigma, predicted decrease 2.7291, noise 0.191, min sampled 5470.389
  iter 1: step 0.960 sigma, predicted decrease 0.3031, noise 0.088, min sampled 5469.350
  iter 2: step 0.274 sigma, predicted decrease 0.0662, noise 0.180, min sampled 5469.224
  iter 3: step 0.157 sigma, predicted decrease 0.0138, noise 0.115, min sampled 5469.176
f = 0.03, isotropic, u = 0.003: -log P fit = 5468.753 +- 0.009 (regression), direct = 5468.763, converged = True, 2449 evaluations, 34.9 min
f = 0.01, thomson, u = 0.027: start from neighbour f=0.01 kernel=thomson u=0.018
  iter 0: step 2.000 sigma, predicted decrease 3.7341, noise 0.086, min sampled 5470.561
  iter 1: step 1.095 sigma, predicted decrease 0.5260, noise 0.100, min sampled 5468.610
  iter 2: step 0.242 sigma, predicted decrease 0.0290, noise 0.143, min sampled 5468.384
f = 0.01, thomson, u = 0.027: -log P fit = 5467.813 +- 0.010 (regression), direct = 5467.830, converged = True, 2041 evaluations, 29.6 min
f = 0.01, thomson, u = 0.04: start from neighbour f=0.01 kernel=thomson u=0.027
  iter 0: step 2.000 sigma, predicted decrease 5.0960, noise 0.118, min sampled 5471.863
  iter 1: step 1.910 sigma, predicted decrease 1.4597, noise 0.097, min sampled 5468.637
  iter 2: step 0.377 sigma, predicted decrease 0.0864, noise 0.141, min sampled 5468.213
  iter 3: step 0.169 sigma, predicted decrease 0.0142, noise 0.094, min sampled 5467.969
f = 0.01, thomson, u = 0.04: -log P fit = 5467.592 +- 0.013 (regression), direct = 5467.648, converged = True, 2449 evaluations, 35.6 min
f = 0.01, thomson, u = 0.06: start from neighbour f=0.01 kernel=thomson u=0.04
  iter 0: step 2.000 sigma, predicted decrease 7.1627, noise 0.091, min sampled 5474.986
  iter 1: step 2.000 sigma, predicted decrease 3.4742, noise 0.090, min sampled 5469.782
  iter 2: step 0.734 sigma, predicted decrease 0.2489, noise 0.100, min sampled 5468.052
  iter 3: step 0.157 sigma, predicted decrease 0.0143, noise 0.132, min sampled 5467.959
f = 0.01, thomson, u = 0.06: -log P fit = 5467.589 +- 0.009 (regression), direct = 5467.589, converged = True, 2449 evaluations, 35.8 min
f = 0.01, thomson, u = 0.09: start from neighbour f=0.01 kernel=thomson u=0.06
  iter 0: step 2.000 sigma, predicted decrease 9.6708, noise 0.112, min sampled 5480.320
  iter 1: step 2.000 sigma, predicted decrease 5.9982, noise 0.087, min sampled 5472.752
  iter 2: step 1.908 sigma, predicted decrease 1.8988, noise 0.099, min sampled 5469.013
  iter 3: step 0.274 sigma, predicted decrease 0.0459, noise 0.123, min sampled 5468.217
  iter 4: step 0.089 sigma, predicted decrease 0.0038, noise 0.109, min sampled 5468.278
f = 0.01, thomson, u = 0.09: -log P fit = 5467.872 +- 0.011 (regression), direct = 5467.887, converged = True, 2857 evaluations, 41.7 min
f = 0.01, thomson, u = 0.135: start from neighbour f=0.01 kernel=thomson u=0.09
  iter 0: step 2.000 sigma, predicted decrease 12.8606, noise 0.114, min sampled 5489.606
  iter 1: step 2.000 sigma, predicted decrease 9.1422, noise 0.079, min sampled 5479.426
  iter 2: step 2.000 sigma, predicted decrease 5.1359, noise 0.083, min sampled 5471.165
  iter 3: step 1.332 sigma, predicted decrease 0.9100, noise 0.110, min sampled 5469.315
  iter 4: step 0.238 sigma, predicted decrease 0.0250, noise 0.094, min sampled 5469.056
f = 0.01, thomson, u = 0.135: -log P fit = 5468.654 +- 0.012 (regression), direct = 5468.647, converged = True, 2857 evaluations, 42.2 min
f = 0.01, thomson, u = 0.2: start from neighbour f=0.01 kernel=thomson u=0.135
  iter 0: step 2.000 sigma, predicted decrease 16.3473, noise 0.104, min sampled 5503.454
  iter 1: step 2.000 sigma, predicted decrease 12.7341, noise 0.081, min sampled 5490.132
  iter 2: step 2.000 sigma, predicted decrease 8.7664, noise 0.085, min sampled 5476.632
  iter 3: step 2.000 sigma, predicted decrease 4.1522, noise 0.095, min sampled 5471.917
  iter 4: step 1.118 sigma, predicted decrease 0.5866, noise 0.087, min sampled 5470.921
  iter 5: step 0.140 sigma, predicted decrease 0.0100, noise 0.080, min sampled 5470.758
f = 0.01, thomson, u = 0.2: -log P fit = 5470.149 +- 0.011 (regression), direct = 5470.162, converged = True, 3265 evaluations, 47.9 min
f = 0.03, thomson, u = 0.009: start from neighbour f=0.03 kernel=thomson u=0.006
  iter 0: step 2.000 sigma, predicted decrease 6.2297, noise 0.112, min sampled 5473.982
  iter 1: step 2.000 sigma, predicted decrease 2.4798, noise 0.085, min sampled 5469.883
  iter 2: step 0.390 sigma, predicted decrease 0.0673, noise 0.178, min sampled 5468.735
  iter 3: step 0.222 sigma, predicted decrease 0.0213, noise 0.094, min sampled 5468.631
f = 0.03, thomson, u = 0.009: -log P fit = 5468.164 +- 0.020 (regression), direct = 5468.263, converged = True, 2449 evaluations, 34.8 min
f = 0.03, thomson, u = 0.0135: start from neighbour f=0.03 kernel=thomson u=0.009
  iter 0: step 2.000 sigma, predicted decrease 8.8068, noise 0.086, min sampled 5478.684
  iter 1: step 2.000 sigma, predicted decrease 5.2059, noise 0.105, min sampled 5472.214
  iter 2: step 1.657 sigma, predicted decrease 1.2543, noise 0.118, min sampled 5468.892
  iter 3: step 0.292 sigma, predicted decrease 0.0514, noise 0.123, min sampled 5468.367
  iter 4: step 0.186 sigma, predicted decrease 0.0133, noise 0.118, min sampled 5468.418
f = 0.03, thomson, u = 0.0135: -log P fit = 5467.984 +- 0.015 (regression), direct = 5468.020, converged = True, 2857 evaluations, 41.3 min
f = 0.03, thomson, u = 0.02: start from neighbour f=0.03 kernel=thomson u=0.0135
  iter 0: step 2.000 sigma, predicted decrease 11.7267, noise 0.112, min sampled 5486.141
  iter 1: step 2.000 sigma, predicted decrease 8.0854, noise 0.106, min sampled 5476.305
  iter 2: step 2.000 sigma, predicted decrease 4.0441, noise 0.109, min sampled 5470.109
  iter 3: step 0.988 sigma, predicted decrease 0.4360, noise 0.121, min sampled 5468.396
  iter 4: step 0.253 sigma, predicted decrease 0.0304, noise 0.102, min sampled 5468.337
f = 0.03, thomson, u = 0.02: -log P fit = 5467.912 +- 0.015 (regression), direct = 5467.947, converged = True, 2857 evaluations, 40.9 min
f = 0.03, thomson, u = 0.03: start from neighbour f=0.03 kernel=thomson u=0.02
  iter 0: step 2.000 sigma, predicted decrease 16.0921, noise 0.108, min sampled 5502.036
  iter 1: step 2.000 sigma, predicted decrease 12.5598, noise 0.106, min sampled 5486.932
  iter 2: step 2.000 sigma, predicted decrease 8.7672, noise 0.130, min sampled 5475.236
  iter 3: step 2.000 sigma, predicted decrease 4.2342, noise 0.117, min sampled 5470.666
  iter 4: step 1.119 sigma, predicted decrease 0.5878, noise 0.098, min sampled 5469.176
  iter 5: step 0.167 sigma, predicted decrease 0.0135, noise 0.089, min sampled 5468.963
f = 0.03, thomson, u = 0.03: -log P fit = 5468.372 +- 0.013 (regression), direct = 5468.386, converged = True, 3265 evaluations, 47.4 min
f = 0.03, thomson, u = 0.045: start from neighbour f=0.03 kernel=thomson u=0.03
  iter 0: step 2.000 sigma, predicted decrease 21.5403, noise 0.110, min sampled 5526.595
  iter 1: step 2.000 sigma, predicted decrease 18.0607, noise 0.103, min sampled 5505.656
  iter 2: step 2.000 sigma, predicted decrease 13.6938, noise 0.114, min sampled 5487.315
  iter 3: step 2.000 sigma, predicted decrease 9.0628, noise 0.146, min sampled 5478.196
  iter 4: step 2.000 sigma, predicted decrease 4.8761, noise 0.087, min sampled 5473.357
  iter 5: step 1.517 sigma, predicted decrease 1.1175, noise 0.077, min sampled 5471.013
  iter 6: step 0.130 sigma, predicted decrease 0.0082, noise 0.107, min sampled 5470.719
f = 0.03, thomson, u = 0.045: -log P fit = 5470.063 +- 0.009 (regression), direct = 5470.071, converged = True, 3673 evaluations, 53.5 min
f = 0.1, thomson, u = 0.0027: start from neighbour f=0.1 kernel=thomson u=0.0018
  iter 0: step 2.000 sigma, predicted decrease 7.7851, noise 0.112, min sampled 5478.167
  iter 1: step 2.000 sigma, predicted decrease 3.9403, noise 0.083, min sampled 5472.795
  iter 2: step 1.016 sigma, predicted decrease 0.5275, noise 0.119, min sampled 5470.254
  iter 3: step 0.211 sigma, predicted decrease 0.0206, noise 0.111, min sampled 5470.102
f = 0.1, thomson, u = 0.0027: -log P fit = 5469.666 +- 0.015 (regression), direct = 5469.718, converged = True, 2449 evaluations, 34.3 min
f = 0.1, thomson, u = 0.004: start from neighbour f=0.1 kernel=thomson u=0.0027
  iter 0: step 2.000 sigma, predicted decrease 11.7075, noise 0.103, min sampled 5487.926
  iter 1: step 2.000 sigma, predicted decrease 7.8322, noise 0.095, min sampled 5478.088
  iter 2: step 2.000 sigma, predicted decrease 3.8321, noise 0.103, min sampled 5472.588
  iter 3: step 1.031 sigma, predicted decrease 0.4625, noise 0.116, min sampled 5470.744
  iter 4: step 0.287 sigma, predicted decrease 0.0323, noise 0.129, min sampled 5470.633
f = 0.1, thomson, u = 0.004: -log P fit = 5470.199 +- 0.013 (regression), direct = 5470.181, converged = True, 2857 evaluations, 40.6 min
f = 0.1, thomson, u = 0.006: start from neighbour f=0.1 kernel=thomson u=0.004
  iter 0: step 2.000 sigma, predicted decrease 17.5744, noise 0.120, min sampled 5511.117
  iter 1: step 2.000 sigma, predicted decrease 14.3349, noise 0.102, min sampled 5492.782
  iter 2: step 2.000 sigma, predicted decrease 10.1831, noise 0.105, min sampled 5481.830
  iter 3: step 2.000 sigma, predicted decrease 5.6350, noise 0.126, min sampled 5475.702
  iter 4: step 2.000 sigma, predicted decrease 1.8802, noise 0.106, min sampled 5472.797
  iter 5: step 0.302 sigma, predicted decrease 0.0426, noise 0.104, min sampled 5471.935
  iter 6: step 0.099 sigma, predicted decrease 0.0050, noise 0.107, min sampled 5471.919
f = 0.1, thomson, u = 0.006: -log P fit = 5471.332 +- 0.008 (regression), direct = 5471.340, converged = True, 3673 evaluations, 51.6 min
f = 0.1, thomson, u = 0.009: start from neighbour f=0.1 kernel=thomson u=0.006
  iter 0: step 2.000 sigma, predicted decrease 24.9638, noise 0.106, min sampled 5551.245
  iter 1: step 2.000 sigma, predicted decrease 22.1182, noise 0.137, min sampled 5523.146
  iter 2: step 2.000 sigma, predicted decrease 18.2087, noise 0.137, min sampled 5507.913
  iter 3: step 2.000 sigma, predicted decrease 12.8873, noise 0.115, min sampled 5493.051
  iter 4: step 2.000 sigma, predicted decrease 8.7605, noise 0.084, min sampled 5482.843
  iter 5: step 2.000 sigma, predicted decrease 4.8156, noise 0.105, min sampled 5476.510
  iter 6: step 1.404 sigma, predicted decrease 0.8922, noise 0.108, min sampled 5474.393
  iter 7: step 0.215 sigma, predicted decrease 0.0426, noise 0.145, min sampled 5474.090
f = 0.1, thomson, u = 0.009: -log P fit = 5473.647 +- 0.009 (regression), direct = 5473.636, converged = True, 4081 evaluations, 57.7 min
f = 1, thomson, u = 0.0003: start from neighbour f=1 kernel=thomson u=0.0002
  iter 0: step 2.000 sigma, predicted decrease 5.4636, noise 0.246, min sampled 5477.555
  iter 1: step 2.000 sigma, predicted decrease 2.3389, noise 0.139, min sampled 5474.850
  iter 2: step 0.601 sigma, predicted decrease 0.1704, noise 0.209, min sampled 5473.836
  iter 3: step 0.308 sigma, predicted decrease 0.0400, noise 0.098, min sampled 5473.796
  iter 4: step 0.211 sigma, predicted decrease 0.0303, noise 0.220, min sampled 5473.754
f = 1, thomson, u = 0.0003: -log P fit = 5473.345 +- 0.010 (regression), direct = 5473.307, converged = True, 2857 evaluations, 39.8 min
f = 1, thomson, u = 0.0005: start from neighbour f=1 kernel=thomson u=0.0003
  iter 0: step 2.000 sigma, predicted decrease 15.0079, noise 0.152, min sampled 5507.109
  iter 1: step 2.000 sigma, predicted decrease 10.9961, noise 0.091, min sampled 5494.109
  iter 2: step 2.000 sigma, predicted decrease 7.5101, noise 0.065, min sampled 5485.105
  iter 3: step 2.000 sigma, predicted decrease 3.3633, noise 0.087, min sampled 5480.204
  iter 4: step 1.232 sigma, predicted decrease 0.5106, noise 0.096, min sampled 5478.964
  iter 5: step 0.237 sigma, predicted decrease 0.0300, noise 0.148, min sampled 5478.646
f = 1, thomson, u = 0.0005: -log P fit = 5478.123 +- 0.009 (regression), direct = 5478.092, converged = True, 3265 evaluations, 45.6 min
f = 0.5, thomson, u = 0.0005: start from neighbour f=0.5 kernel=thomson u=0.00036
  iter 0: step 2.000 sigma, predicted decrease 4.0299, noise 0.146, min sampled 5474.838
  iter 1: step 1.582 sigma, predicted decrease 0.8782, noise 0.091, min sampled 5472.624
  iter 2: step 0.479 sigma, predicted decrease 0.1636, noise 0.262, min sampled 5472.312
  iter 3: step 0.377 sigma, predicted decrease 0.0667, noise 0.107, min sampled 5472.085
  iter 4: step 0.287 sigma, predicted decrease 0.0555, noise 0.262, min sampled 5472.090
f = 0.5, thomson, u = 0.0005: -log P fit = 5471.680 +- 0.010 (regression), direct = 5471.657, converged = True, 2857 evaluations, 39.8 min
f = 0.5, thomson, u = 0.0008: start from neighbour f=0.5 kernel=thomson u=0.0005
  iter 0: step 2.000 sigma, predicted decrease 12.4382, noise 0.172, min sampled 5494.288
  iter 1: step 2.000 sigma, predicted decrease 8.4372, noise 0.099, min sampled 5483.217
  iter 2: step 2.000 sigma, predicted decrease 4.7832, noise 0.082, min sampled 5477.363
  iter 3: step 1.438 sigma, predicted decrease 0.9601, noise 0.106, min sampled 5474.936
  iter 4: step 0.464 sigma, predicted decrease 0.0647, noise 0.123, min sampled 5474.585
  iter 5: step 0.116 sigma, predicted decrease 0.0058, noise 0.105, min sampled 5474.633
f = 0.5, thomson, u = 0.0008: -log P fit = 5474.065 +- 0.012 (regression), direct = 5474.093, converged = True, 3265 evaluations, 46.2 min
f = 0.01, isotropic, u = 0.027: start from mirror of thomson f=0.01 u=0.027
  iter 0: step 2.000 sigma, predicted decrease 3.8727, noise 0.086, min sampled 5470.462
  iter 1: step 1.166 sigma, predicted decrease 0.5951, noise 0.101, min sampled 5468.653
  iter 2: step 0.250 sigma, predicted decrease 0.0306, noise 0.150, min sampled 5468.336
f = 0.01, isotropic, u = 0.027: -log P fit = 5467.753 +- 0.010 (regression), direct = 5467.766, converged = True, 2041 evaluations, 30.9 min
f = 0.01, isotropic, u = 0.04: start from mirror of thomson f=0.01 u=0.04
  iter 0: step 2.000 sigma, predicted decrease 5.3697, noise 0.117, min sampled 5471.899
  iter 1: step 2.000 sigma, predicted decrease 1.6860, noise 0.094, min sampled 5468.550
  iter 2: step 0.358 sigma, predicted decrease 0.0710, noise 0.137, min sampled 5468.138
  iter 3: step 0.145 sigma, predicted decrease 0.0106, noise 0.103, min sampled 5467.890
f = 0.01, isotropic, u = 0.04: -log P fit = 5467.496 +- 0.014 (regression), direct = 5467.553, converged = True, 2449 evaluations, 37.3 min
f = 0.01, isotropic, u = 0.06: start from mirror of thomson f=0.01 u=0.06
  iter 0: step 2.000 sigma, predicted decrease 7.6261, noise 0.090, min sampled 5475.438
  iter 1: step 2.000 sigma, predicted decrease 3.8707, noise 0.089, min sampled 5469.863
  iter 2: step 0.964 sigma, predicted decrease 0.4324, noise 0.112, min sampled 5467.867
  iter 3: step 0.183 sigma, predicted decrease 0.0203, noise 0.131, min sampled 5467.787
f = 0.01, isotropic, u = 0.06: -log P fit = 5467.431 +- 0.010 (regression), direct = 5467.436, converged = True, 2449 evaluations, 37.3 min
f = 0.01, isotropic, u = 0.09: start from mirror of thomson f=0.01 u=0.09
  iter 0: step 2.000 sigma, predicted decrease 10.5262, noise 0.114, min sampled 5481.422
  iter 1: step 2.000 sigma, predicted decrease 6.7706, noise 0.089, min sampled 5473.330
  iter 2: step 2.000 sigma, predicted decrease 2.6280, noise 0.097, min sampled 5469.123
  iter 3: step 0.293 sigma, predicted decrease 0.0431, noise 0.123, min sampled 5467.939
f = 0.01, isotropic, u = 0.09: -log P fit = 5467.535 +- 0.009 (regression), direct = 5467.513, converged = True, 2449 evaluations, 35.8 min
f = 0.01, isotropic, u = 0.135: start from mirror of thomson f=0.01 u=0.135
  iter 0: step 2.000 sigma, predicted decrease 14.2726, noise 0.115, min sampled 5492.457
  iter 1: step 2.000 sigma, predicted decrease 10.5029, noise 0.080, min sampled 5481.108
  iter 2: step 2.000 sigma, predicted decrease 6.3991, noise 0.092, min sampled 5472.313
  iter 3: step 1.859 sigma, predicted decrease 1.7961, noise 0.133, min sampled 5469.031
  iter 4: step 0.377 sigma, predicted decrease 0.0572, noise 0.103, min sampled 5468.284
  iter 5: step 0.127 sigma, predicted decrease 0.0087, noise 0.123, min sampled 5468.393
f = 0.01, isotropic, u = 0.135: -log P fit = 5467.857 +- 0.010 (regression), direct = 5467.878, converged = True, 3265 evaluations, 47.6 min
f = 0.01, isotropic, u = 0.2: start from mirror of thomson f=0.01 u=0.2
  iter 0: step 2.000 sigma, predicted decrease 18.6704, noise 0.107, min sampled 5509.768
  iter 1: step 2.000 sigma, predicted decrease 15.0268, noise 0.079, min sampled 5494.464
  iter 2: step 2.000 sigma, predicted decrease 10.7323, noise 0.091, min sampled 5479.795
  iter 3: step 2.000 sigma, predicted decrease 6.1157, noise 0.102, min sampled 5471.902
  iter 4: step 2.000 sigma, predicted decrease 2.0392, noise 0.098, min sampled 5469.705
  iter 5: step 0.342 sigma, predicted decrease 0.0547, noise 0.113, min sampled 5468.944
  iter 6: step 0.190 sigma, predicted decrease 0.0152, noise 0.095, min sampled 5468.957
f = 0.01, isotropic, u = 0.2: -log P fit = 5468.328 +- 0.010 (regression), direct = 5468.378, converged = True, 3673 evaluations, 54.2 min
f = 0.03, isotropic, u = 0.009: start from mirror of thomson f=0.03 u=0.009
  iter 0: step 2.000 sigma, predicted decrease 6.3352, noise 0.116, min sampled 5474.063
  iter 1: step 2.000 sigma, predicted decrease 2.6153, noise 0.085, min sampled 5469.814
  iter 2: step 0.377 sigma, predicted decrease 0.0680, noise 0.197, min sampled 5468.716
f = 0.03, isotropic, u = 0.009: -log P fit = 5468.217 +- 0.010 (regression), direct = 5468.194, converged = True, 2041 evaluations, 28.9 min
f = 0.03, isotropic, u = 0.0135: start from mirror of thomson f=0.03 u=0.0135
  iter 0: step 2.000 sigma, predicted decrease 8.9796, noise 0.086, min sampled 5479.048
  iter 1: step 2.000 sigma, predicted decrease 5.3228, noise 0.112, min sampled 5472.239
  iter 2: step 1.751 sigma, predicted decrease 1.3818, noise 0.115, min sampled 5468.925
  iter 3: step 0.361 sigma, predicted decrease 0.0741, noise 0.147, min sampled 5468.350
  iter 4: step 0.293 sigma, predicted decrease 0.0286, noise 0.110, min sampled 5468.410
f = 0.03, isotropic, u = 0.0135: -log P fit = 5467.952 +- 0.019 (regression), direct = 5468.034, converged = True, 2857 evaluations, 41.0 min
f = 0.03, isotropic, u = 0.02: start from mirror of thomson f=0.03 u=0.02
  iter 0: step 2.000 sigma, predicted decrease 12.0608, noise 0.113, min sampled 5487.014
  iter 1: step 2.000 sigma, predicted decrease 8.3447, noise 0.106, min sampled 5476.876
  iter 2: step 2.000 sigma, predicted decrease 4.3077, noise 0.110, min sampled 5470.403
  iter 3: step 1.066 sigma, predicted decrease 0.5208, noise 0.132, min sampled 5468.535
  iter 4: step 0.273 sigma, predicted decrease 0.0365, noise 0.126, min sampled 5468.392
f = 0.03, isotropic, u = 0.02: -log P fit = 5467.978 +- 0.013 (regression), direct = 5467.979, converged = True, 2857 evaluations, 41.2 min
f = 0.03, isotropic, u = 0.03: start from mirror of thomson f=0.03 u=0.03
  iter 0: step 2.000 sigma, predicted decrease 16.6971, noise 0.107, min sampled 5503.722
  iter 1: step 2.000 sigma, predicted decrease 13.0493, noise 0.110, min sampled 5489.088
  iter 2: step 2.000 sigma, predicted decrease 9.2127, noise 0.119, min sampled 5476.436
  iter 3: step 2.000 sigma, predicted decrease 4.5815, noise 0.116, min sampled 5471.001
  iter 4: step 1.433 sigma, predicted decrease 0.8922, noise 0.101, min sampled 5469.448
  iter 5: step 0.212 sigma, predicted decrease 0.0218, noise 0.112, min sampled 5469.073
f = 0.03, isotropic, u = 0.03: -log P fit = 5468.474 +- 0.011 (regression), direct = 5468.480, converged = True, 3265 evaluations, 47.3 min
f = 0.03, isotropic, u = 0.045: start from mirror of thomson f=0.03 u=0.045
  iter 0: step 2.000 sigma, predicted decrease 22.5736, noise 0.104, min sampled 5530.711
  iter 1: step 2.000 sigma, predicted decrease 19.2204, noise 0.105, min sampled 5511.002
  iter 2: step 2.000 sigma, predicted decrease 14.6608, noise 0.109, min sampled 5490.528
  iter 3: step 2.000 sigma, predicted decrease 9.8641, noise 0.144, min sampled 5479.431
  iter 4: step 2.000 sigma, predicted decrease 5.6353, noise 0.088, min sampled 5474.332
  iter 5: step 1.893 sigma, predicted decrease 1.7522, noise 0.081, min sampled 5471.504
  iter 6: step 0.197 sigma, predicted decrease 0.0160, noise 0.105, min sampled 5470.788
f = 0.03, isotropic, u = 0.045: -log P fit = 5470.106 +- 0.011 (regression), direct = 5470.156, converged = True, 3673 evaluations, 53.3 min
f = 0.1, isotropic, u = 0.0027: start from mirror of thomson f=0.1 u=0.0027
  iter 0: step 2.000 sigma, predicted decrease 7.8110, noise 0.111, min sampled 5478.158
  iter 1: step 2.000 sigma, predicted decrease 3.9575, noise 0.082, min sampled 5472.728
  iter 2: step 1.031 sigma, predicted decrease 0.5397, noise 0.121, min sampled 5470.180
  iter 3: step 0.223 sigma, predicted decrease 0.0227, noise 0.114, min sampled 5470.070
f = 0.1, isotropic, u = 0.0027: -log P fit = 5469.636 +- 0.016 (regression), direct = 5469.687, converged = True, 2449 evaluations, 34.7 min
f = 0.1, isotropic, u = 0.004: start from mirror of thomson f=0.1 u=0.004
  iter 0: step 2.000 sigma, predicted decrease 11.7771, noise 0.101, min sampled 5488.092
  iter 1: step 2.000 sigma, predicted decrease 7.8679, noise 0.091, min sampled 5478.468
  iter 2: step 2.000 sigma, predicted decrease 3.9271, noise 0.107, min sampled 5472.733
  iter 3: step 1.066 sigma, predicted decrease 0.4885, noise 0.117, min sampled 5470.808
  iter 4: step 0.296 sigma, predicted decrease 0.0337, noise 0.129, min sampled 5470.694
f = 0.1, isotropic, u = 0.004: -log P fit = 5470.225 +- 0.013 (regression), direct = 5470.202, converged = True, 2857 evaluations, 40.4 min
f = 0.1, isotropic, u = 0.006: start from mirror of thomson f=0.1 u=0.006
  iter 0: step 2.000 sigma, predicted decrease 17.7511, noise 0.117, min sampled 5511.805
  iter 1: step 2.000 sigma, predicted decrease 14.4168, noise 0.107, min sampled 5493.677
  iter 2: step 2.000 sigma, predicted decrease 10.1362, noise 0.101, min sampled 5482.482
  iter 3: step 2.000 sigma, predicted decrease 5.7426, noise 0.114, min sampled 5476.099
  iter 4: step 2.000 sigma, predicted decrease 1.9711, noise 0.112, min sampled 5472.926
  iter 5: step 0.317 sigma, predicted decrease 0.0467, noise 0.143, min sampled 5472.069
f = 0.1, isotropic, u = 0.006: -log P fit = 5471.533 +- 0.008 (regression), direct = 5471.520, converged = True, 3265 evaluations, 46.4 min
f = 0.1, isotropic, u = 0.009: start from mirror of thomson f=0.1 u=0.009
  iter 0: step 2.000 sigma, predicted decrease 25.4370, noise 0.112, min sampled 5553.256
  iter 1: step 2.000 sigma, predicted decrease 22.8556, noise 0.144, min sampled 5524.561
  iter 2: step 2.000 sigma, predicted decrease 16.9249, noise 0.134, min sampled 5509.607
  iter 3: step 2.000 sigma, predicted decrease 13.1625, noise 0.129, min sampled 5495.302
  iter 4: step 2.000 sigma, predicted decrease 9.3939, noise 0.092, min sampled 5484.592
  iter 5: step 2.000 sigma, predicted decrease 5.2126, noise 0.171, min sampled 5477.534
  iter 6: step 1.561 sigma, predicted decrease 1.1654, noise 0.095, min sampled 5475.092
  iter 7: step 0.156 sigma, predicted decrease 0.0143, noise 0.096, min sampled 5474.800
f = 0.1, isotropic, u = 0.009: -log P fit = 5474.222 +- 0.009 (regression), direct = 5474.229, converged = True, 4081 evaluations, 57.7 min
f = 1, isotropic, u = 0.0003: start from mirror of thomson f=1 u=0.0003
  iter 0: step 2.000 sigma, predicted decrease 5.4784, noise 0.246, min sampled 5477.824
  iter 1: step 2.000 sigma, predicted decrease 2.3268, noise 0.141, min sampled 5474.692
  iter 2: step 0.576 sigma, predicted decrease 0.1652, noise 0.224, min sampled 5473.786
  iter 3: step 0.319 sigma, predicted decrease 0.0435, noise 0.100, min sampled 5473.713
  iter 4: step 0.209 sigma, predicted decrease 0.0285, noise 0.219, min sampled 5473.675
f = 1, isotropic, u = 0.0003: -log P fit = 5473.251 +- 0.009 (regression), direct = 5473.214, converged = True, 2857 evaluations, 39.5 min
f = 1, isotropic, u = 0.0005: start from mirror of thomson f=1 u=0.0005
  iter 0: step 2.000 sigma, predicted decrease 15.0235, noise 0.154, min sampled 5507.525
  iter 1: step 2.000 sigma, predicted decrease 11.0744, noise 0.088, min sampled 5494.070
  iter 2: step 2.000 sigma, predicted decrease 7.3405, noise 0.066, min sampled 5484.976
  iter 3: step 2.000 sigma, predicted decrease 3.2614, noise 0.085, min sampled 5480.115
  iter 4: step 1.245 sigma, predicted decrease 0.4869, noise 0.110, min sampled 5478.908
  iter 5: step 0.240 sigma, predicted decrease 0.0225, noise 0.130, min sampled 5478.567
f = 1, isotropic, u = 0.0005: -log P fit = 5478.030 +- 0.011 (regression), direct = 5477.998, converged = True, 3265 evaluations, 45.4 min
f = 0.5, isotropic, u = 0.0005: start from mirror of thomson f=0.5 u=0.0005
  iter 0: step 2.000 sigma, predicted decrease 4.0633, noise 0.148, min sampled 5475.126
  iter 1: step 1.616 sigma, predicted decrease 0.9061, noise 0.092, min sampled 5472.547
  iter 2: step 0.535 sigma, predicted decrease 0.2003, noise 0.291, min sampled 5472.240
  iter 3: step 0.380 sigma, predicted decrease 0.0811, noise 0.112, min sampled 5472.021
  iter 4: step 0.250 sigma, predicted decrease 0.0448, noise 0.254, min sampled 5472.023
f = 0.5, isotropic, u = 0.0005: -log P fit = 5471.607 +- 0.010 (regression), direct = 5471.570, converged = True, 2857 evaluations, 39.9 min
f = 0.5, isotropic, u = 0.0008: start from mirror of thomson f=0.5 u=0.0008
  iter 0: step 2.000 sigma, predicted decrease 12.4378, noise 0.173, min sampled 5494.747
  iter 1: step 2.000 sigma, predicted decrease 8.4637, noise 0.103, min sampled 5483.231
  iter 2: step 2.000 sigma, predicted decrease 4.7224, noise 0.084, min sampled 5477.483
  iter 3: step 1.413 sigma, predicted decrease 0.9214, noise 0.114, min sampled 5474.892
  iter 4: step 0.514 sigma, predicted decrease 0.0764, noise 0.119, min sampled 5474.542
  iter 5: step 0.093 sigma, predicted decrease 0.0040, noise 0.127, min sampled 5474.525
f = 0.5, isotropic, u = 0.0008: -log P fit = 5474.018 +- 0.010 (regression), direct = 5473.991, converged = True, 3265 evaluations, 45.9 min
